// Jest Snapshot v1, https://goo.gl/fbAQLP

exports[`<Telemarketing /> component should match snapshot 1`] = `<DocumentFragment />`;
